// Jest Snapshot v1, https://goo.gl/fbAQLP

exports[`<EditOrPlainText /> Component Renders correctly 1`] = `
<form
  onSubmit={[Function]}
>
  <TextField
    error={false}
    id="mui-theme-provider-input"
    onChange={[Function]}
    required={false}
    select={false}
    variant="standard"
  />
</form>
`;
